// Jest Snapshot v1, https://goo.gl/fbAQLP

exports[`Page 컴포넌트 Page 컴포넌트가 스냅샷과 일치해야 합니다 1`] = `
<div>
  <h1
    class="text-2xl font-thin underline"
  >
    Hello, World!
  </h1>
</div>
`;
